123455
222222

